// Jest Snapshot v1, https://goo.gl/fbAQLP

exports[`Info renders default 1`] = `
<DocumentFragment>
  .emotion-0 {
  display: -webkit-box;
  display: -webkit-flex;
  display: -ms-flexbox;
  display: flex;
  -webkit-flex-direction: column;
  -ms-flex-direction: column;
  flex-direction: column;
  gap: 16px;
}

.emotion-1 {
  display: -webkit-box;
  display: -webkit-flex;
  display: -ms-flexbox;
  display: flex;
  -webkit-flex-direction: row;
  -ms-flex-direction: row;
  flex-direction: row;
  gap: 8px;
  gap: 8px;
  -webkit-align-items: center;
  -webkit-box-align: center;
  -ms-flex-align: center;
  align-items: center;
  font-weight: 500;
  font-size: 1.1rem;
}

.emotion-2 {
  color: rgba(233, 235, 240, 0.8);
  font-size: 0.9rem;
}

<div
    class="emotion-0"
  >
    <h5
      class="emotion-1"
    >
      <div>
        Sample icon inside div
      </div>
      Sample title
    </h5>
    <div
      class="emotion-2"
    >
      <div>
        Sample children inside div
      </div>
    </div>
  </div>
</DocumentFragment>
`;
