// Jest Snapshot v1, https://goo.gl/fbAQLP

exports[`EpisodesGroup renders default with different group size=4 1`] = `
<DocumentFragment>
  .c5 {
  display: -webkit-box;
  display: -webkit-flex;
  display: -ms-flexbox;
  display: flex;
  -webkit-flex-direction: row;
  -ms-flex-direction: row;
  flex-direction: row;
}

.c6 {
  gap: 16px;
}

.c0 {
  display: -webkit-box;
  display: -webkit-flex;
  display: -ms-flexbox;
  display: flex;
  -webkit-flex-direction: column;
  -ms-flex-direction: column;
  flex-direction: column;
}

.c1 {
  gap: 16px;
}

.c10 {
  overflow: hidden;
  pointer-events: none;
  position: absolute;
  z-index: 0;
  top: 0;
  right: 0;
  bottom: 0;
  left: 0;
  border-radius: inherit;
}

.c2 {
  display: -webkit-inline-box;
  display: -webkit-inline-flex;
  display: -ms-inline-flexbox;
  display: inline-flex;
  -webkit-align-items: center;
  -webkit-box-align: center;
  -ms-flex-align: center;
  align-items: center;
  -webkit-box-pack: center;
  -webkit-justify-content: center;
  -ms-flex-pack: center;
  justify-content: center;
  position: relative;
  box-sizing: border-box;
  -webkit-tap-highlight-color: transparent;
  background-color: transparent;
  outline: 0;
  border: 0;
  margin: 0;
  border-radius: 0;
  padding: 0;
  cursor: pointer;
  -webkit-user-select: none;
  -moz-user-select: none;
  -ms-user-select: none;
  user-select: none;
  vertical-align: middle;
  -moz-appearance: none;
  -webkit-appearance: none;
  -webkit-text-decoration: none;
  text-decoration: none;
  color: inherit;
  text-transform: unset;
}

.c2::-moz-focus-inner {
  border-style: none;
}

.c2.Mui-disabled {
  pointer-events: none;
  cursor: default;
}

.c3 {
  font-family: Quicksand,sans-serif;
  font-weight: 500;
  font-size: 0.875rem;
  line-height: 1.75;
  text-transform: uppercase;
  min-width: 64px;
  padding: 6px 8px;
  border-radius: 4px;
  -webkit-transition: background-color 250ms cubic-bezier(0.4,0,0.2,1) 0ms,box-shadow 250ms cubic-bezier(0.4,0,0.2,1) 0ms,border-color 250ms cubic-bezier(0.4,0,0.2,1) 0ms,color 250ms cubic-bezier(0.4,0,0.2,1) 0ms;
  transition: background-color 250ms cubic-bezier(0.4,0,0.2,1) 0ms,box-shadow 250ms cubic-bezier(0.4,0,0.2,1) 0ms,border-color 250ms cubic-bezier(0.4,0,0.2,1) 0ms,color 250ms cubic-bezier(0.4,0,0.2,1) 0ms;
  color: #292d33;
  color: #e9ebf0;
  background-color: #292d33;
  margin-bottom: 0;
  font-weight: normal;
  text-align: center;
  vertical-align: middle;
  outline: 0 !important;
  white-space: nowrap;
  border: none;
  -webkit-user-select: none;
  -moz-user-select: none;
  -ms-user-select: none;
  user-select: none;
  font-size: 14px;
  line-height: 1.42857143;
  text-transform: unset;
  border-radius: 6px;
  height: 36px;
  color: #e9ebf0;
  text-transform: none;
  padding: 8px 12px;
}

.c3:hover {
  -webkit-text-decoration: none;
  text-decoration: none;
  background-color: rgba(41,45,51,0.08);
}

.c3.Mui-disabled {
  color: rgba(255,255,255,0.3);
}

.c3:hover {
  outline: none;
  border: none;
  background-color: #3c3f43;
}

.c9 {
  -webkit-user-select: none;
  -moz-user-select: none;
  -ms-user-select: none;
  user-select: none;
  width: 1em;
  height: 1em;
  display: inline-block;
  fill: currentColor;
  -webkit-flex-shrink: 0;
  -ms-flex-negative: 0;
  flex-shrink: 0;
  -webkit-transition: fill 200ms cubic-bezier(0.4,0,0.2,1) 0ms;
  transition: fill 200ms cubic-bezier(0.4,0,0.2,1) 0ms;
  font-size: 1.5rem;
  font-size: inherit;
}

.c4 {
  width: 100%;
  text-align: left;
  -webkit-box-pack: start;
  -webkit-justify-content: flex-start;
  -ms-flex-pack: start;
  justify-content: flex-start;
}

.c8 {
  -webkit-flex: 1;
  -ms-flex: 1;
  flex: 1;
  -webkit-align-items: center;
  -webkit-box-align: center;
  -ms-flex-align: center;
  align-items: center;
}

.c7 {
  -webkit-align-items: center;
  -webkit-box-align: center;
  -ms-flex-align: center;
  align-items: center;
  width: 100%;
  -webkit-box-pack: justify;
  -webkit-justify-content: space-between;
  -ms-flex-pack: justify;
  justify-content: space-between;
}

@media print {
  .c2 {
    color-adjust: exact;
  }
}

@media (hover:none) {
  .c3:hover {
    background-color: transparent;
  }
}

<div
    class="c0 c1"
  >
    <button
      aria-label="Ver episodio"
      class="c2 MuiButton-root MuiButton-text MuiButton-textPrimary MuiButton-sizeMedium MuiButton-textSizeMedium MuiButtonBase-root c3 c4"
      data-mui-internal-clone-element="true"
      data-testid="episode-button-watch-button"
      tabindex="0"
      type="button"
    >
      <div
        class="c5 c6 c7"
      >
        <div>
          Episodio 1
        </div>
        <div
          class="c5 c6 c8"
        />
        <svg
          aria-hidden="true"
          class="c9 MuiSvgIcon-root MuiSvgIcon-fontSizeMedium"
          data-testid="PlayArrowRoundedIcon"
          focusable="false"
          style="font-size: 1.4rem; overflow: hidden;"
          viewBox="0 0 24 24"
        >
          <path
            d="M8 6.82v10.36c0 .79.87 1.27 1.54.84l8.14-5.18c.62-.39.62-1.29 0-1.69L9.54 5.98C8.87 5.55 8 6.03 8 6.82z"
          />
        </svg>
      </div>
      <span
        class="c10 MuiTouchRipple-root"
      />
    </button>
    <button
      aria-label="Ver episodio"
      class="c2 MuiButton-root MuiButton-text MuiButton-textPrimary MuiButton-sizeMedium MuiButton-textSizeMedium MuiButtonBase-root c3 c4"
      data-mui-internal-clone-element="true"
      data-testid="episode-button-watch-button"
      tabindex="0"
      type="button"
    >
      <div
        class="c5 c6 c7"
      >
        <div>
          Episodio 2
        </div>
        <div
          class="c5 c6 c8"
        />
        <svg
          aria-hidden="true"
          class="c9 MuiSvgIcon-root MuiSvgIcon-fontSizeMedium"
          data-testid="PlayArrowRoundedIcon"
          focusable="false"
          style="font-size: 1.4rem; overflow: hidden;"
          viewBox="0 0 24 24"
        >
          <path
            d="M8 6.82v10.36c0 .79.87 1.27 1.54.84l8.14-5.18c.62-.39.62-1.29 0-1.69L9.54 5.98C8.87 5.55 8 6.03 8 6.82z"
          />
        </svg>
      </div>
      <span
        class="c10 MuiTouchRipple-root"
      />
    </button>
    <button
      aria-label="Ver episodio"
      class="c2 MuiButton-root MuiButton-text MuiButton-textPrimary MuiButton-sizeMedium MuiButton-textSizeMedium MuiButtonBase-root c3 c4"
      data-mui-internal-clone-element="true"
      data-testid="episode-button-watch-button"
      tabindex="0"
      type="button"
    >
      <div
        class="c5 c6 c7"
      >
        <div>
          Episodio 3
        </div>
        <div
          class="c5 c6 c8"
        />
        <svg
          aria-hidden="true"
          class="c9 MuiSvgIcon-root MuiSvgIcon-fontSizeMedium"
          data-testid="PlayArrowRoundedIcon"
          focusable="false"
          style="font-size: 1.4rem; overflow: hidden;"
          viewBox="0 0 24 24"
        >
          <path
            d="M8 6.82v10.36c0 .79.87 1.27 1.54.84l8.14-5.18c.62-.39.62-1.29 0-1.69L9.54 5.98C8.87 5.55 8 6.03 8 6.82z"
          />
        </svg>
      </div>
      <span
        class="c10 MuiTouchRipple-root"
      />
    </button>
    <button
      aria-label="Ver episodio"
      class="c2 MuiButton-root MuiButton-text MuiButton-textPrimary MuiButton-sizeMedium MuiButton-textSizeMedium MuiButtonBase-root c3 c4"
      data-mui-internal-clone-element="true"
      data-testid="episode-button-watch-button"
      tabindex="0"
      type="button"
    >
      <div
        class="c5 c6 c7"
      >
        <div>
          Episodio 4
        </div>
        <div
          class="c5 c6 c8"
        />
        <svg
          aria-hidden="true"
          class="c9 MuiSvgIcon-root MuiSvgIcon-fontSizeMedium"
          data-testid="PlayArrowRoundedIcon"
          focusable="false"
          style="font-size: 1.4rem; overflow: hidden;"
          viewBox="0 0 24 24"
        >
          <path
            d="M8 6.82v10.36c0 .79.87 1.27 1.54.84l8.14-5.18c.62-.39.62-1.29 0-1.69L9.54 5.98C8.87 5.55 8 6.03 8 6.82z"
          />
        </svg>
      </div>
      <span
        class="c10 MuiTouchRipple-root"
      />
    </button>
    <button
      aria-label="Ver episodio"
      class="c2 MuiButton-root MuiButton-text MuiButton-textPrimary MuiButton-sizeMedium MuiButton-textSizeMedium MuiButtonBase-root c3 c4"
      data-mui-internal-clone-element="true"
      data-testid="episode-button-watch-button"
      tabindex="0"
      type="button"
    >
      <div
        class="c5 c6 c7"
      >
        <div>
          Episodio 5
        </div>
        <div
          class="c5 c6 c8"
        />
        <svg
          aria-hidden="true"
          class="c9 MuiSvgIcon-root MuiSvgIcon-fontSizeMedium"
          data-testid="PlayArrowRoundedIcon"
          focusable="false"
          style="font-size: 1.4rem; overflow: hidden;"
          viewBox="0 0 24 24"
        >
          <path
            d="M8 6.82v10.36c0 .79.87 1.27 1.54.84l8.14-5.18c.62-.39.62-1.29 0-1.69L9.54 5.98C8.87 5.55 8 6.03 8 6.82z"
          />
        </svg>
      </div>
      <span
        class="c10 MuiTouchRipple-root"
      />
    </button>
    <button
      aria-label="Ver episodio"
      class="c2 MuiButton-root MuiButton-text MuiButton-textPrimary MuiButton-sizeMedium MuiButton-textSizeMedium MuiButtonBase-root c3 c4"
      data-mui-internal-clone-element="true"
      data-testid="episode-button-watch-button"
      tabindex="0"
      type="button"
    >
      <div
        class="c5 c6 c7"
      >
        <div>
          Episodio 6
        </div>
        <div
          class="c5 c6 c8"
        />
        <svg
          aria-hidden="true"
          class="c9 MuiSvgIcon-root MuiSvgIcon-fontSizeMedium"
          data-testid="PlayArrowRoundedIcon"
          focusable="false"
          style="font-size: 1.4rem; overflow: hidden;"
          viewBox="0 0 24 24"
        >
          <path
            d="M8 6.82v10.36c0 .79.87 1.27 1.54.84l8.14-5.18c.62-.39.62-1.29 0-1.69L9.54 5.98C8.87 5.55 8 6.03 8 6.82z"
          />
        </svg>
      </div>
      <span
        class="c10 MuiTouchRipple-root"
      />
    </button>
    <button
      aria-label="Ver episodio"
      class="c2 MuiButton-root MuiButton-text MuiButton-textPrimary MuiButton-sizeMedium MuiButton-textSizeMedium MuiButtonBase-root c3 c4"
      data-mui-internal-clone-element="true"
      data-testid="episode-button-watch-button"
      tabindex="0"
      type="button"
    >
      <div
        class="c5 c6 c7"
      >
        <div>
          Episodio 7
        </div>
        <div
          class="c5 c6 c8"
        />
        <svg
          aria-hidden="true"
          class="c9 MuiSvgIcon-root MuiSvgIcon-fontSizeMedium"
          data-testid="PlayArrowRoundedIcon"
          focusable="false"
          style="font-size: 1.4rem; overflow: hidden;"
          viewBox="0 0 24 24"
        >
          <path
            d="M8 6.82v10.36c0 .79.87 1.27 1.54.84l8.14-5.18c.62-.39.62-1.29 0-1.69L9.54 5.98C8.87 5.55 8 6.03 8 6.82z"
          />
        </svg>
      </div>
      <span
        class="c10 MuiTouchRipple-root"
      />
    </button>
    <button
      aria-label="Ver episodio"
      class="c2 MuiButton-root MuiButton-text MuiButton-textPrimary MuiButton-sizeMedium MuiButton-textSizeMedium MuiButtonBase-root c3 c4"
      data-mui-internal-clone-element="true"
      data-testid="episode-button-watch-button"
      tabindex="0"
      type="button"
    >
      <div
        class="c5 c6 c7"
      >
        <div>
          Episodio 8
        </div>
        <div
          class="c5 c6 c8"
        />
        <svg
          aria-hidden="true"
          class="c9 MuiSvgIcon-root MuiSvgIcon-fontSizeMedium"
          data-testid="PlayArrowRoundedIcon"
          focusable="false"
          style="font-size: 1.4rem; overflow: hidden;"
          viewBox="0 0 24 24"
        >
          <path
            d="M8 6.82v10.36c0 .79.87 1.27 1.54.84l8.14-5.18c.62-.39.62-1.29 0-1.69L9.54 5.98C8.87 5.55 8 6.03 8 6.82z"
          />
        </svg>
      </div>
      <span
        class="c10 MuiTouchRipple-root"
      />
    </button>
    <button
      aria-label="Ver episodio"
      class="c2 MuiButton-root MuiButton-text MuiButton-textPrimary MuiButton-sizeMedium MuiButton-textSizeMedium MuiButtonBase-root c3 c4"
      data-mui-internal-clone-element="true"
      data-testid="episode-button-watch-button"
      tabindex="0"
      type="button"
    >
      <div
        class="c5 c6 c7"
      >
        <div>
          Episodio 9
        </div>
        <div
          class="c5 c6 c8"
        />
        <svg
          aria-hidden="true"
          class="c9 MuiSvgIcon-root MuiSvgIcon-fontSizeMedium"
          data-testid="PlayArrowRoundedIcon"
          focusable="false"
          style="font-size: 1.4rem; overflow: hidden;"
          viewBox="0 0 24 24"
        >
          <path
            d="M8 6.82v10.36c0 .79.87 1.27 1.54.84l8.14-5.18c.62-.39.62-1.29 0-1.69L9.54 5.98C8.87 5.55 8 6.03 8 6.82z"
          />
        </svg>
      </div>
      <span
        class="c10 MuiTouchRipple-root"
      />
    </button>
    <button
      aria-label="Ver episodio"
      class="c2 MuiButton-root MuiButton-text MuiButton-textPrimary MuiButton-sizeMedium MuiButton-textSizeMedium MuiButtonBase-root c3 c4"
      data-mui-internal-clone-element="true"
      data-testid="episode-button-watch-button"
      tabindex="0"
      type="button"
    >
      <div
        class="c5 c6 c7"
      >
        <div>
          Episodio 10
        </div>
        <div
          class="c5 c6 c8"
        />
        <svg
          aria-hidden="true"
          class="c9 MuiSvgIcon-root MuiSvgIcon-fontSizeMedium"
          data-testid="PlayArrowRoundedIcon"
          focusable="false"
          style="font-size: 1.4rem; overflow: hidden;"
          viewBox="0 0 24 24"
        >
          <path
            d="M8 6.82v10.36c0 .79.87 1.27 1.54.84l8.14-5.18c.62-.39.62-1.29 0-1.69L9.54 5.98C8.87 5.55 8 6.03 8 6.82z"
          />
        </svg>
      </div>
      <span
        class="c10 MuiTouchRipple-root"
      />
    </button>
  </div>
</DocumentFragment>
`;

exports[`EpisodesGroup renders default with different group size=4 sorted from newer to older 1`] = `
<DocumentFragment>
  .c5 {
  display: -webkit-box;
  display: -webkit-flex;
  display: -ms-flexbox;
  display: flex;
  -webkit-flex-direction: row;
  -ms-flex-direction: row;
  flex-direction: row;
}

.c6 {
  gap: 16px;
}

.c0 {
  display: -webkit-box;
  display: -webkit-flex;
  display: -ms-flexbox;
  display: flex;
  -webkit-flex-direction: column;
  -ms-flex-direction: column;
  flex-direction: column;
}

.c1 {
  gap: 16px;
}

.c10 {
  overflow: hidden;
  pointer-events: none;
  position: absolute;
  z-index: 0;
  top: 0;
  right: 0;
  bottom: 0;
  left: 0;
  border-radius: inherit;
}

.c2 {
  display: -webkit-inline-box;
  display: -webkit-inline-flex;
  display: -ms-inline-flexbox;
  display: inline-flex;
  -webkit-align-items: center;
  -webkit-box-align: center;
  -ms-flex-align: center;
  align-items: center;
  -webkit-box-pack: center;
  -webkit-justify-content: center;
  -ms-flex-pack: center;
  justify-content: center;
  position: relative;
  box-sizing: border-box;
  -webkit-tap-highlight-color: transparent;
  background-color: transparent;
  outline: 0;
  border: 0;
  margin: 0;
  border-radius: 0;
  padding: 0;
  cursor: pointer;
  -webkit-user-select: none;
  -moz-user-select: none;
  -ms-user-select: none;
  user-select: none;
  vertical-align: middle;
  -moz-appearance: none;
  -webkit-appearance: none;
  -webkit-text-decoration: none;
  text-decoration: none;
  color: inherit;
  text-transform: unset;
}

.c2::-moz-focus-inner {
  border-style: none;
}

.c2.Mui-disabled {
  pointer-events: none;
  cursor: default;
}

.c3 {
  font-family: Quicksand,sans-serif;
  font-weight: 500;
  font-size: 0.875rem;
  line-height: 1.75;
  text-transform: uppercase;
  min-width: 64px;
  padding: 6px 8px;
  border-radius: 4px;
  -webkit-transition: background-color 250ms cubic-bezier(0.4,0,0.2,1) 0ms,box-shadow 250ms cubic-bezier(0.4,0,0.2,1) 0ms,border-color 250ms cubic-bezier(0.4,0,0.2,1) 0ms,color 250ms cubic-bezier(0.4,0,0.2,1) 0ms;
  transition: background-color 250ms cubic-bezier(0.4,0,0.2,1) 0ms,box-shadow 250ms cubic-bezier(0.4,0,0.2,1) 0ms,border-color 250ms cubic-bezier(0.4,0,0.2,1) 0ms,color 250ms cubic-bezier(0.4,0,0.2,1) 0ms;
  color: #292d33;
  color: #e9ebf0;
  background-color: #292d33;
  margin-bottom: 0;
  font-weight: normal;
  text-align: center;
  vertical-align: middle;
  outline: 0 !important;
  white-space: nowrap;
  border: none;
  -webkit-user-select: none;
  -moz-user-select: none;
  -ms-user-select: none;
  user-select: none;
  font-size: 14px;
  line-height: 1.42857143;
  text-transform: unset;
  border-radius: 6px;
  height: 36px;
  color: #e9ebf0;
  text-transform: none;
  padding: 8px 12px;
}

.c3:hover {
  -webkit-text-decoration: none;
  text-decoration: none;
  background-color: rgba(41,45,51,0.08);
}

.c3.Mui-disabled {
  color: rgba(255,255,255,0.3);
}

.c3:hover {
  outline: none;
  border: none;
  background-color: #3c3f43;
}

.c9 {
  -webkit-user-select: none;
  -moz-user-select: none;
  -ms-user-select: none;
  user-select: none;
  width: 1em;
  height: 1em;
  display: inline-block;
  fill: currentColor;
  -webkit-flex-shrink: 0;
  -ms-flex-negative: 0;
  flex-shrink: 0;
  -webkit-transition: fill 200ms cubic-bezier(0.4,0,0.2,1) 0ms;
  transition: fill 200ms cubic-bezier(0.4,0,0.2,1) 0ms;
  font-size: 1.5rem;
  font-size: inherit;
}

.c4 {
  width: 100%;
  text-align: left;
  -webkit-box-pack: start;
  -webkit-justify-content: flex-start;
  -ms-flex-pack: start;
  justify-content: flex-start;
}

.c8 {
  -webkit-flex: 1;
  -ms-flex: 1;
  flex: 1;
  -webkit-align-items: center;
  -webkit-box-align: center;
  -ms-flex-align: center;
  align-items: center;
}

.c7 {
  -webkit-align-items: center;
  -webkit-box-align: center;
  -ms-flex-align: center;
  align-items: center;
  width: 100%;
  -webkit-box-pack: justify;
  -webkit-justify-content: space-between;
  -ms-flex-pack: justify;
  justify-content: space-between;
}

@media print {
  .c2 {
    color-adjust: exact;
  }
}

@media (hover:none) {
  .c3:hover {
    background-color: transparent;
  }
}

<div
    class="c0 c1"
  >
    <button
      aria-label="Ver episodio"
      class="c2 MuiButton-root MuiButton-text MuiButton-textPrimary MuiButton-sizeMedium MuiButton-textSizeMedium MuiButtonBase-root c3 c4"
      data-mui-internal-clone-element="true"
      data-testid="episode-button-watch-button"
      tabindex="0"
      type="button"
    >
      <div
        class="c5 c6 c7"
      >
        <div>
          Episodio 10
        </div>
        <div
          class="c5 c6 c8"
        />
        <svg
          aria-hidden="true"
          class="c9 MuiSvgIcon-root MuiSvgIcon-fontSizeMedium"
          data-testid="PlayArrowRoundedIcon"
          focusable="false"
          style="font-size: 1.4rem; overflow: hidden;"
          viewBox="0 0 24 24"
        >
          <path
            d="M8 6.82v10.36c0 .79.87 1.27 1.54.84l8.14-5.18c.62-.39.62-1.29 0-1.69L9.54 5.98C8.87 5.55 8 6.03 8 6.82z"
          />
        </svg>
      </div>
      <span
        class="c10 MuiTouchRipple-root"
      />
    </button>
    <button
      aria-label="Ver episodio"
      class="c2 MuiButton-root MuiButton-text MuiButton-textPrimary MuiButton-sizeMedium MuiButton-textSizeMedium MuiButtonBase-root c3 c4"
      data-mui-internal-clone-element="true"
      data-testid="episode-button-watch-button"
      tabindex="0"
      type="button"
    >
      <div
        class="c5 c6 c7"
      >
        <div>
          Episodio 9
        </div>
        <div
          class="c5 c6 c8"
        />
        <svg
          aria-hidden="true"
          class="c9 MuiSvgIcon-root MuiSvgIcon-fontSizeMedium"
          data-testid="PlayArrowRoundedIcon"
          focusable="false"
          style="font-size: 1.4rem; overflow: hidden;"
          viewBox="0 0 24 24"
        >
          <path
            d="M8 6.82v10.36c0 .79.87 1.27 1.54.84l8.14-5.18c.62-.39.62-1.29 0-1.69L9.54 5.98C8.87 5.55 8 6.03 8 6.82z"
          />
        </svg>
      </div>
      <span
        class="c10 MuiTouchRipple-root"
      />
    </button>
    <button
      aria-label="Ver episodio"
      class="c2 MuiButton-root MuiButton-text MuiButton-textPrimary MuiButton-sizeMedium MuiButton-textSizeMedium MuiButtonBase-root c3 c4"
      data-mui-internal-clone-element="true"
      data-testid="episode-button-watch-button"
      tabindex="0"
      type="button"
    >
      <div
        class="c5 c6 c7"
      >
        <div>
          Episodio 8
        </div>
        <div
          class="c5 c6 c8"
        />
        <svg
          aria-hidden="true"
          class="c9 MuiSvgIcon-root MuiSvgIcon-fontSizeMedium"
          data-testid="PlayArrowRoundedIcon"
          focusable="false"
          style="font-size: 1.4rem; overflow: hidden;"
          viewBox="0 0 24 24"
        >
          <path
            d="M8 6.82v10.36c0 .79.87 1.27 1.54.84l8.14-5.18c.62-.39.62-1.29 0-1.69L9.54 5.98C8.87 5.55 8 6.03 8 6.82z"
          />
        </svg>
      </div>
      <span
        class="c10 MuiTouchRipple-root"
      />
    </button>
    <button
      aria-label="Ver episodio"
      class="c2 MuiButton-root MuiButton-text MuiButton-textPrimary MuiButton-sizeMedium MuiButton-textSizeMedium MuiButtonBase-root c3 c4"
      data-mui-internal-clone-element="true"
      data-testid="episode-button-watch-button"
      tabindex="0"
      type="button"
    >
      <div
        class="c5 c6 c7"
      >
        <div>
          Episodio 7
        </div>
        <div
          class="c5 c6 c8"
        />
        <svg
          aria-hidden="true"
          class="c9 MuiSvgIcon-root MuiSvgIcon-fontSizeMedium"
          data-testid="PlayArrowRoundedIcon"
          focusable="false"
          style="font-size: 1.4rem; overflow: hidden;"
          viewBox="0 0 24 24"
        >
          <path
            d="M8 6.82v10.36c0 .79.87 1.27 1.54.84l8.14-5.18c.62-.39.62-1.29 0-1.69L9.54 5.98C8.87 5.55 8 6.03 8 6.82z"
          />
        </svg>
      </div>
      <span
        class="c10 MuiTouchRipple-root"
      />
    </button>
    <button
      aria-label="Ver episodio"
      class="c2 MuiButton-root MuiButton-text MuiButton-textPrimary MuiButton-sizeMedium MuiButton-textSizeMedium MuiButtonBase-root c3 c4"
      data-mui-internal-clone-element="true"
      data-testid="episode-button-watch-button"
      tabindex="0"
      type="button"
    >
      <div
        class="c5 c6 c7"
      >
        <div>
          Episodio 6
        </div>
        <div
          class="c5 c6 c8"
        />
        <svg
          aria-hidden="true"
          class="c9 MuiSvgIcon-root MuiSvgIcon-fontSizeMedium"
          data-testid="PlayArrowRoundedIcon"
          focusable="false"
          style="font-size: 1.4rem; overflow: hidden;"
          viewBox="0 0 24 24"
        >
          <path
            d="M8 6.82v10.36c0 .79.87 1.27 1.54.84l8.14-5.18c.62-.39.62-1.29 0-1.69L9.54 5.98C8.87 5.55 8 6.03 8 6.82z"
          />
        </svg>
      </div>
      <span
        class="c10 MuiTouchRipple-root"
      />
    </button>
    <button
      aria-label="Ver episodio"
      class="c2 MuiButton-root MuiButton-text MuiButton-textPrimary MuiButton-sizeMedium MuiButton-textSizeMedium MuiButtonBase-root c3 c4"
      data-mui-internal-clone-element="true"
      data-testid="episode-button-watch-button"
      tabindex="0"
      type="button"
    >
      <div
        class="c5 c6 c7"
      >
        <div>
          Episodio 5
        </div>
        <div
          class="c5 c6 c8"
        />
        <svg
          aria-hidden="true"
          class="c9 MuiSvgIcon-root MuiSvgIcon-fontSizeMedium"
          data-testid="PlayArrowRoundedIcon"
          focusable="false"
          style="font-size: 1.4rem; overflow: hidden;"
          viewBox="0 0 24 24"
        >
          <path
            d="M8 6.82v10.36c0 .79.87 1.27 1.54.84l8.14-5.18c.62-.39.62-1.29 0-1.69L9.54 5.98C8.87 5.55 8 6.03 8 6.82z"
          />
        </svg>
      </div>
      <span
        class="c10 MuiTouchRipple-root"
      />
    </button>
    <button
      aria-label="Ver episodio"
      class="c2 MuiButton-root MuiButton-text MuiButton-textPrimary MuiButton-sizeMedium MuiButton-textSizeMedium MuiButtonBase-root c3 c4"
      data-mui-internal-clone-element="true"
      data-testid="episode-button-watch-button"
      tabindex="0"
      type="button"
    >
      <div
        class="c5 c6 c7"
      >
        <div>
          Episodio 4
        </div>
        <div
          class="c5 c6 c8"
        />
        <svg
          aria-hidden="true"
          class="c9 MuiSvgIcon-root MuiSvgIcon-fontSizeMedium"
          data-testid="PlayArrowRoundedIcon"
          focusable="false"
          style="font-size: 1.4rem; overflow: hidden;"
          viewBox="0 0 24 24"
        >
          <path
            d="M8 6.82v10.36c0 .79.87 1.27 1.54.84l8.14-5.18c.62-.39.62-1.29 0-1.69L9.54 5.98C8.87 5.55 8 6.03 8 6.82z"
          />
        </svg>
      </div>
      <span
        class="c10 MuiTouchRipple-root"
      />
    </button>
    <button
      aria-label="Ver episodio"
      class="c2 MuiButton-root MuiButton-text MuiButton-textPrimary MuiButton-sizeMedium MuiButton-textSizeMedium MuiButtonBase-root c3 c4"
      data-mui-internal-clone-element="true"
      data-testid="episode-button-watch-button"
      tabindex="0"
      type="button"
    >
      <div
        class="c5 c6 c7"
      >
        <div>
          Episodio 3
        </div>
        <div
          class="c5 c6 c8"
        />
        <svg
          aria-hidden="true"
          class="c9 MuiSvgIcon-root MuiSvgIcon-fontSizeMedium"
          data-testid="PlayArrowRoundedIcon"
          focusable="false"
          style="font-size: 1.4rem; overflow: hidden;"
          viewBox="0 0 24 24"
        >
          <path
            d="M8 6.82v10.36c0 .79.87 1.27 1.54.84l8.14-5.18c.62-.39.62-1.29 0-1.69L9.54 5.98C8.87 5.55 8 6.03 8 6.82z"
          />
        </svg>
      </div>
      <span
        class="c10 MuiTouchRipple-root"
      />
    </button>
    <button
      aria-label="Ver episodio"
      class="c2 MuiButton-root MuiButton-text MuiButton-textPrimary MuiButton-sizeMedium MuiButton-textSizeMedium MuiButtonBase-root c3 c4"
      data-mui-internal-clone-element="true"
      data-testid="episode-button-watch-button"
      tabindex="0"
      type="button"
    >
      <div
        class="c5 c6 c7"
      >
        <div>
          Episodio 2
        </div>
        <div
          class="c5 c6 c8"
        />
        <svg
          aria-hidden="true"
          class="c9 MuiSvgIcon-root MuiSvgIcon-fontSizeMedium"
          data-testid="PlayArrowRoundedIcon"
          focusable="false"
          style="font-size: 1.4rem; overflow: hidden;"
          viewBox="0 0 24 24"
        >
          <path
            d="M8 6.82v10.36c0 .79.87 1.27 1.54.84l8.14-5.18c.62-.39.62-1.29 0-1.69L9.54 5.98C8.87 5.55 8 6.03 8 6.82z"
          />
        </svg>
      </div>
      <span
        class="c10 MuiTouchRipple-root"
      />
    </button>
    <button
      aria-label="Ver episodio"
      class="c2 MuiButton-root MuiButton-text MuiButton-textPrimary MuiButton-sizeMedium MuiButton-textSizeMedium MuiButtonBase-root c3 c4"
      data-mui-internal-clone-element="true"
      data-testid="episode-button-watch-button"
      tabindex="0"
      type="button"
    >
      <div
        class="c5 c6 c7"
      >
        <div>
          Episodio 1
        </div>
        <div
          class="c5 c6 c8"
        />
        <svg
          aria-hidden="true"
          class="c9 MuiSvgIcon-root MuiSvgIcon-fontSizeMedium"
          data-testid="PlayArrowRoundedIcon"
          focusable="false"
          style="font-size: 1.4rem; overflow: hidden;"
          viewBox="0 0 24 24"
        >
          <path
            d="M8 6.82v10.36c0 .79.87 1.27 1.54.84l8.14-5.18c.62-.39.62-1.29 0-1.69L9.54 5.98C8.87 5.55 8 6.03 8 6.82z"
          />
        </svg>
      </div>
      <span
        class="c10 MuiTouchRipple-root"
      />
    </button>
  </div>
</DocumentFragment>
`;

exports[`EpisodesGroup renders default with different group size=15 1`] = `
<DocumentFragment>
  .c5 {
  display: -webkit-box;
  display: -webkit-flex;
  display: -ms-flexbox;
  display: flex;
  -webkit-flex-direction: row;
  -ms-flex-direction: row;
  flex-direction: row;
}

.c6 {
  gap: 16px;
}

.c0 {
  display: -webkit-box;
  display: -webkit-flex;
  display: -ms-flexbox;
  display: flex;
  -webkit-flex-direction: column;
  -ms-flex-direction: column;
  flex-direction: column;
}

.c1 {
  gap: 16px;
}

.c10 {
  overflow: hidden;
  pointer-events: none;
  position: absolute;
  z-index: 0;
  top: 0;
  right: 0;
  bottom: 0;
  left: 0;
  border-radius: inherit;
}

.c2 {
  display: -webkit-inline-box;
  display: -webkit-inline-flex;
  display: -ms-inline-flexbox;
  display: inline-flex;
  -webkit-align-items: center;
  -webkit-box-align: center;
  -ms-flex-align: center;
  align-items: center;
  -webkit-box-pack: center;
  -webkit-justify-content: center;
  -ms-flex-pack: center;
  justify-content: center;
  position: relative;
  box-sizing: border-box;
  -webkit-tap-highlight-color: transparent;
  background-color: transparent;
  outline: 0;
  border: 0;
  margin: 0;
  border-radius: 0;
  padding: 0;
  cursor: pointer;
  -webkit-user-select: none;
  -moz-user-select: none;
  -ms-user-select: none;
  user-select: none;
  vertical-align: middle;
  -moz-appearance: none;
  -webkit-appearance: none;
  -webkit-text-decoration: none;
  text-decoration: none;
  color: inherit;
  text-transform: unset;
}

.c2::-moz-focus-inner {
  border-style: none;
}

.c2.Mui-disabled {
  pointer-events: none;
  cursor: default;
}

.c3 {
  font-family: Quicksand,sans-serif;
  font-weight: 500;
  font-size: 0.875rem;
  line-height: 1.75;
  text-transform: uppercase;
  min-width: 64px;
  padding: 6px 8px;
  border-radius: 4px;
  -webkit-transition: background-color 250ms cubic-bezier(0.4,0,0.2,1) 0ms,box-shadow 250ms cubic-bezier(0.4,0,0.2,1) 0ms,border-color 250ms cubic-bezier(0.4,0,0.2,1) 0ms,color 250ms cubic-bezier(0.4,0,0.2,1) 0ms;
  transition: background-color 250ms cubic-bezier(0.4,0,0.2,1) 0ms,box-shadow 250ms cubic-bezier(0.4,0,0.2,1) 0ms,border-color 250ms cubic-bezier(0.4,0,0.2,1) 0ms,color 250ms cubic-bezier(0.4,0,0.2,1) 0ms;
  color: #292d33;
  color: #e9ebf0;
  background-color: #292d33;
  margin-bottom: 0;
  font-weight: normal;
  text-align: center;
  vertical-align: middle;
  outline: 0 !important;
  white-space: nowrap;
  border: none;
  -webkit-user-select: none;
  -moz-user-select: none;
  -ms-user-select: none;
  user-select: none;
  font-size: 14px;
  line-height: 1.42857143;
  text-transform: unset;
  border-radius: 6px;
  height: 36px;
  color: #e9ebf0;
  text-transform: none;
  padding: 8px 12px;
}

.c3:hover {
  -webkit-text-decoration: none;
  text-decoration: none;
  background-color: rgba(41,45,51,0.08);
}

.c3.Mui-disabled {
  color: rgba(255,255,255,0.3);
}

.c3:hover {
  outline: none;
  border: none;
  background-color: #3c3f43;
}

.c9 {
  -webkit-user-select: none;
  -moz-user-select: none;
  -ms-user-select: none;
  user-select: none;
  width: 1em;
  height: 1em;
  display: inline-block;
  fill: currentColor;
  -webkit-flex-shrink: 0;
  -ms-flex-negative: 0;
  flex-shrink: 0;
  -webkit-transition: fill 200ms cubic-bezier(0.4,0,0.2,1) 0ms;
  transition: fill 200ms cubic-bezier(0.4,0,0.2,1) 0ms;
  font-size: 1.5rem;
  font-size: inherit;
}

.c4 {
  width: 100%;
  text-align: left;
  -webkit-box-pack: start;
  -webkit-justify-content: flex-start;
  -ms-flex-pack: start;
  justify-content: flex-start;
}

.c8 {
  -webkit-flex: 1;
  -ms-flex: 1;
  flex: 1;
  -webkit-align-items: center;
  -webkit-box-align: center;
  -ms-flex-align: center;
  align-items: center;
}

.c7 {
  -webkit-align-items: center;
  -webkit-box-align: center;
  -ms-flex-align: center;
  align-items: center;
  width: 100%;
  -webkit-box-pack: justify;
  -webkit-justify-content: space-between;
  -ms-flex-pack: justify;
  justify-content: space-between;
}

@media print {
  .c2 {
    color-adjust: exact;
  }
}

@media (hover:none) {
  .c3:hover {
    background-color: transparent;
  }
}

<div
    class="c0 c1"
  >
    <button
      aria-label="Ver episodio"
      class="c2 MuiButton-root MuiButton-text MuiButton-textPrimary MuiButton-sizeMedium MuiButton-textSizeMedium MuiButtonBase-root c3 c4"
      data-mui-internal-clone-element="true"
      data-testid="episode-button-watch-button"
      tabindex="0"
      type="button"
    >
      <div
        class="c5 c6 c7"
      >
        <div>
          Episodio 1
        </div>
        <div
          class="c5 c6 c8"
        />
        <svg
          aria-hidden="true"
          class="c9 MuiSvgIcon-root MuiSvgIcon-fontSizeMedium"
          data-testid="PlayArrowRoundedIcon"
          focusable="false"
          style="font-size: 1.4rem; overflow: hidden;"
          viewBox="0 0 24 24"
        >
          <path
            d="M8 6.82v10.36c0 .79.87 1.27 1.54.84l8.14-5.18c.62-.39.62-1.29 0-1.69L9.54 5.98C8.87 5.55 8 6.03 8 6.82z"
          />
        </svg>
      </div>
      <span
        class="c10 MuiTouchRipple-root"
      />
    </button>
    <button
      aria-label="Ver episodio"
      class="c2 MuiButton-root MuiButton-text MuiButton-textPrimary MuiButton-sizeMedium MuiButton-textSizeMedium MuiButtonBase-root c3 c4"
      data-mui-internal-clone-element="true"
      data-testid="episode-button-watch-button"
      tabindex="0"
      type="button"
    >
      <div
        class="c5 c6 c7"
      >
        <div>
          Episodio 2
        </div>
        <div
          class="c5 c6 c8"
        />
        <svg
          aria-hidden="true"
          class="c9 MuiSvgIcon-root MuiSvgIcon-fontSizeMedium"
          data-testid="PlayArrowRoundedIcon"
          focusable="false"
          style="font-size: 1.4rem; overflow: hidden;"
          viewBox="0 0 24 24"
        >
          <path
            d="M8 6.82v10.36c0 .79.87 1.27 1.54.84l8.14-5.18c.62-.39.62-1.29 0-1.69L9.54 5.98C8.87 5.55 8 6.03 8 6.82z"
          />
        </svg>
      </div>
      <span
        class="c10 MuiTouchRipple-root"
      />
    </button>
    <button
      aria-label="Ver episodio"
      class="c2 MuiButton-root MuiButton-text MuiButton-textPrimary MuiButton-sizeMedium MuiButton-textSizeMedium MuiButtonBase-root c3 c4"
      data-mui-internal-clone-element="true"
      data-testid="episode-button-watch-button"
      tabindex="0"
      type="button"
    >
      <div
        class="c5 c6 c7"
      >
        <div>
          Episodio 3
        </div>
        <div
          class="c5 c6 c8"
        />
        <svg
          aria-hidden="true"
          class="c9 MuiSvgIcon-root MuiSvgIcon-fontSizeMedium"
          data-testid="PlayArrowRoundedIcon"
          focusable="false"
          style="font-size: 1.4rem; overflow: hidden;"
          viewBox="0 0 24 24"
        >
          <path
            d="M8 6.82v10.36c0 .79.87 1.27 1.54.84l8.14-5.18c.62-.39.62-1.29 0-1.69L9.54 5.98C8.87 5.55 8 6.03 8 6.82z"
          />
        </svg>
      </div>
      <span
        class="c10 MuiTouchRipple-root"
      />
    </button>
    <button
      aria-label="Ver episodio"
      class="c2 MuiButton-root MuiButton-text MuiButton-textPrimary MuiButton-sizeMedium MuiButton-textSizeMedium MuiButtonBase-root c3 c4"
      data-mui-internal-clone-element="true"
      data-testid="episode-button-watch-button"
      tabindex="0"
      type="button"
    >
      <div
        class="c5 c6 c7"
      >
        <div>
          Episodio 4
        </div>
        <div
          class="c5 c6 c8"
        />
        <svg
          aria-hidden="true"
          class="c9 MuiSvgIcon-root MuiSvgIcon-fontSizeMedium"
          data-testid="PlayArrowRoundedIcon"
          focusable="false"
          style="font-size: 1.4rem; overflow: hidden;"
          viewBox="0 0 24 24"
        >
          <path
            d="M8 6.82v10.36c0 .79.87 1.27 1.54.84l8.14-5.18c.62-.39.62-1.29 0-1.69L9.54 5.98C8.87 5.55 8 6.03 8 6.82z"
          />
        </svg>
      </div>
      <span
        class="c10 MuiTouchRipple-root"
      />
    </button>
    <button
      aria-label="Ver episodio"
      class="c2 MuiButton-root MuiButton-text MuiButton-textPrimary MuiButton-sizeMedium MuiButton-textSizeMedium MuiButtonBase-root c3 c4"
      data-mui-internal-clone-element="true"
      data-testid="episode-button-watch-button"
      tabindex="0"
      type="button"
    >
      <div
        class="c5 c6 c7"
      >
        <div>
          Episodio 5
        </div>
        <div
          class="c5 c6 c8"
        />
        <svg
          aria-hidden="true"
          class="c9 MuiSvgIcon-root MuiSvgIcon-fontSizeMedium"
          data-testid="PlayArrowRoundedIcon"
          focusable="false"
          style="font-size: 1.4rem; overflow: hidden;"
          viewBox="0 0 24 24"
        >
          <path
            d="M8 6.82v10.36c0 .79.87 1.27 1.54.84l8.14-5.18c.62-.39.62-1.29 0-1.69L9.54 5.98C8.87 5.55 8 6.03 8 6.82z"
          />
        </svg>
      </div>
      <span
        class="c10 MuiTouchRipple-root"
      />
    </button>
    <button
      aria-label="Ver episodio"
      class="c2 MuiButton-root MuiButton-text MuiButton-textPrimary MuiButton-sizeMedium MuiButton-textSizeMedium MuiButtonBase-root c3 c4"
      data-mui-internal-clone-element="true"
      data-testid="episode-button-watch-button"
      tabindex="0"
      type="button"
    >
      <div
        class="c5 c6 c7"
      >
        <div>
          Episodio 6
        </div>
        <div
          class="c5 c6 c8"
        />
        <svg
          aria-hidden="true"
          class="c9 MuiSvgIcon-root MuiSvgIcon-fontSizeMedium"
          data-testid="PlayArrowRoundedIcon"
          focusable="false"
          style="font-size: 1.4rem; overflow: hidden;"
          viewBox="0 0 24 24"
        >
          <path
            d="M8 6.82v10.36c0 .79.87 1.27 1.54.84l8.14-5.18c.62-.39.62-1.29 0-1.69L9.54 5.98C8.87 5.55 8 6.03 8 6.82z"
          />
        </svg>
      </div>
      <span
        class="c10 MuiTouchRipple-root"
      />
    </button>
    <button
      aria-label="Ver episodio"
      class="c2 MuiButton-root MuiButton-text MuiButton-textPrimary MuiButton-sizeMedium MuiButton-textSizeMedium MuiButtonBase-root c3 c4"
      data-mui-internal-clone-element="true"
      data-testid="episode-button-watch-button"
      tabindex="0"
      type="button"
    >
      <div
        class="c5 c6 c7"
      >
        <div>
          Episodio 7
        </div>
        <div
          class="c5 c6 c8"
        />
        <svg
          aria-hidden="true"
          class="c9 MuiSvgIcon-root MuiSvgIcon-fontSizeMedium"
          data-testid="PlayArrowRoundedIcon"
          focusable="false"
          style="font-size: 1.4rem; overflow: hidden;"
          viewBox="0 0 24 24"
        >
          <path
            d="M8 6.82v10.36c0 .79.87 1.27 1.54.84l8.14-5.18c.62-.39.62-1.29 0-1.69L9.54 5.98C8.87 5.55 8 6.03 8 6.82z"
          />
        </svg>
      </div>
      <span
        class="c10 MuiTouchRipple-root"
      />
    </button>
    <button
      aria-label="Ver episodio"
      class="c2 MuiButton-root MuiButton-text MuiButton-textPrimary MuiButton-sizeMedium MuiButton-textSizeMedium MuiButtonBase-root c3 c4"
      data-mui-internal-clone-element="true"
      data-testid="episode-button-watch-button"
      tabindex="0"
      type="button"
    >
      <div
        class="c5 c6 c7"
      >
        <div>
          Episodio 8
        </div>
        <div
          class="c5 c6 c8"
        />
        <svg
          aria-hidden="true"
          class="c9 MuiSvgIcon-root MuiSvgIcon-fontSizeMedium"
          data-testid="PlayArrowRoundedIcon"
          focusable="false"
          style="font-size: 1.4rem; overflow: hidden;"
          viewBox="0 0 24 24"
        >
          <path
            d="M8 6.82v10.36c0 .79.87 1.27 1.54.84l8.14-5.18c.62-.39.62-1.29 0-1.69L9.54 5.98C8.87 5.55 8 6.03 8 6.82z"
          />
        </svg>
      </div>
      <span
        class="c10 MuiTouchRipple-root"
      />
    </button>
    <button
      aria-label="Ver episodio"
      class="c2 MuiButton-root MuiButton-text MuiButton-textPrimary MuiButton-sizeMedium MuiButton-textSizeMedium MuiButtonBase-root c3 c4"
      data-mui-internal-clone-element="true"
      data-testid="episode-button-watch-button"
      tabindex="0"
      type="button"
    >
      <div
        class="c5 c6 c7"
      >
        <div>
          Episodio 9
        </div>
        <div
          class="c5 c6 c8"
        />
        <svg
          aria-hidden="true"
          class="c9 MuiSvgIcon-root MuiSvgIcon-fontSizeMedium"
          data-testid="PlayArrowRoundedIcon"
          focusable="false"
          style="font-size: 1.4rem; overflow: hidden;"
          viewBox="0 0 24 24"
        >
          <path
            d="M8 6.82v10.36c0 .79.87 1.27 1.54.84l8.14-5.18c.62-.39.62-1.29 0-1.69L9.54 5.98C8.87 5.55 8 6.03 8 6.82z"
          />
        </svg>
      </div>
      <span
        class="c10 MuiTouchRipple-root"
      />
    </button>
    <button
      aria-label="Ver episodio"
      class="c2 MuiButton-root MuiButton-text MuiButton-textPrimary MuiButton-sizeMedium MuiButton-textSizeMedium MuiButtonBase-root c3 c4"
      data-mui-internal-clone-element="true"
      data-testid="episode-button-watch-button"
      tabindex="0"
      type="button"
    >
      <div
        class="c5 c6 c7"
      >
        <div>
          Episodio 10
        </div>
        <div
          class="c5 c6 c8"
        />
        <svg
          aria-hidden="true"
          class="c9 MuiSvgIcon-root MuiSvgIcon-fontSizeMedium"
          data-testid="PlayArrowRoundedIcon"
          focusable="false"
          style="font-size: 1.4rem; overflow: hidden;"
          viewBox="0 0 24 24"
        >
          <path
            d="M8 6.82v10.36c0 .79.87 1.27 1.54.84l8.14-5.18c.62-.39.62-1.29 0-1.69L9.54 5.98C8.87 5.55 8 6.03 8 6.82z"
          />
        </svg>
      </div>
      <span
        class="c10 MuiTouchRipple-root"
      />
    </button>
  </div>
</DocumentFragment>
`;

exports[`EpisodesGroup renders default with different group size=15 sorted from newer to older 1`] = `
<DocumentFragment>
  .c5 {
  display: -webkit-box;
  display: -webkit-flex;
  display: -ms-flexbox;
  display: flex;
  -webkit-flex-direction: row;
  -ms-flex-direction: row;
  flex-direction: row;
}

.c6 {
  gap: 16px;
}

.c0 {
  display: -webkit-box;
  display: -webkit-flex;
  display: -ms-flexbox;
  display: flex;
  -webkit-flex-direction: column;
  -ms-flex-direction: column;
  flex-direction: column;
}

.c1 {
  gap: 16px;
}

.c10 {
  overflow: hidden;
  pointer-events: none;
  position: absolute;
  z-index: 0;
  top: 0;
  right: 0;
  bottom: 0;
  left: 0;
  border-radius: inherit;
}

.c2 {
  display: -webkit-inline-box;
  display: -webkit-inline-flex;
  display: -ms-inline-flexbox;
  display: inline-flex;
  -webkit-align-items: center;
  -webkit-box-align: center;
  -ms-flex-align: center;
  align-items: center;
  -webkit-box-pack: center;
  -webkit-justify-content: center;
  -ms-flex-pack: center;
  justify-content: center;
  position: relative;
  box-sizing: border-box;
  -webkit-tap-highlight-color: transparent;
  background-color: transparent;
  outline: 0;
  border: 0;
  margin: 0;
  border-radius: 0;
  padding: 0;
  cursor: pointer;
  -webkit-user-select: none;
  -moz-user-select: none;
  -ms-user-select: none;
  user-select: none;
  vertical-align: middle;
  -moz-appearance: none;
  -webkit-appearance: none;
  -webkit-text-decoration: none;
  text-decoration: none;
  color: inherit;
  text-transform: unset;
}

.c2::-moz-focus-inner {
  border-style: none;
}

.c2.Mui-disabled {
  pointer-events: none;
  cursor: default;
}

.c3 {
  font-family: Quicksand,sans-serif;
  font-weight: 500;
  font-size: 0.875rem;
  line-height: 1.75;
  text-transform: uppercase;
  min-width: 64px;
  padding: 6px 8px;
  border-radius: 4px;
  -webkit-transition: background-color 250ms cubic-bezier(0.4,0,0.2,1) 0ms,box-shadow 250ms cubic-bezier(0.4,0,0.2,1) 0ms,border-color 250ms cubic-bezier(0.4,0,0.2,1) 0ms,color 250ms cubic-bezier(0.4,0,0.2,1) 0ms;
  transition: background-color 250ms cubic-bezier(0.4,0,0.2,1) 0ms,box-shadow 250ms cubic-bezier(0.4,0,0.2,1) 0ms,border-color 250ms cubic-bezier(0.4,0,0.2,1) 0ms,color 250ms cubic-bezier(0.4,0,0.2,1) 0ms;
  color: #292d33;
  color: #e9ebf0;
  background-color: #292d33;
  margin-bottom: 0;
  font-weight: normal;
  text-align: center;
  vertical-align: middle;
  outline: 0 !important;
  white-space: nowrap;
  border: none;
  -webkit-user-select: none;
  -moz-user-select: none;
  -ms-user-select: none;
  user-select: none;
  font-size: 14px;
  line-height: 1.42857143;
  text-transform: unset;
  border-radius: 6px;
  height: 36px;
  color: #e9ebf0;
  text-transform: none;
  padding: 8px 12px;
}

.c3:hover {
  -webkit-text-decoration: none;
  text-decoration: none;
  background-color: rgba(41,45,51,0.08);
}

.c3.Mui-disabled {
  color: rgba(255,255,255,0.3);
}

.c3:hover {
  outline: none;
  border: none;
  background-color: #3c3f43;
}

.c9 {
  -webkit-user-select: none;
  -moz-user-select: none;
  -ms-user-select: none;
  user-select: none;
  width: 1em;
  height: 1em;
  display: inline-block;
  fill: currentColor;
  -webkit-flex-shrink: 0;
  -ms-flex-negative: 0;
  flex-shrink: 0;
  -webkit-transition: fill 200ms cubic-bezier(0.4,0,0.2,1) 0ms;
  transition: fill 200ms cubic-bezier(0.4,0,0.2,1) 0ms;
  font-size: 1.5rem;
  font-size: inherit;
}

.c4 {
  width: 100%;
  text-align: left;
  -webkit-box-pack: start;
  -webkit-justify-content: flex-start;
  -ms-flex-pack: start;
  justify-content: flex-start;
}

.c8 {
  -webkit-flex: 1;
  -ms-flex: 1;
  flex: 1;
  -webkit-align-items: center;
  -webkit-box-align: center;
  -ms-flex-align: center;
  align-items: center;
}

.c7 {
  -webkit-align-items: center;
  -webkit-box-align: center;
  -ms-flex-align: center;
  align-items: center;
  width: 100%;
  -webkit-box-pack: justify;
  -webkit-justify-content: space-between;
  -ms-flex-pack: justify;
  justify-content: space-between;
}

@media print {
  .c2 {
    color-adjust: exact;
  }
}

@media (hover:none) {
  .c3:hover {
    background-color: transparent;
  }
}

<div
    class="c0 c1"
  >
    <button
      aria-label="Ver episodio"
      class="c2 MuiButton-root MuiButton-text MuiButton-textPrimary MuiButton-sizeMedium MuiButton-textSizeMedium MuiButtonBase-root c3 c4"
      data-mui-internal-clone-element="true"
      data-testid="episode-button-watch-button"
      tabindex="0"
      type="button"
    >
      <div
        class="c5 c6 c7"
      >
        <div>
          Episodio 10
        </div>
        <div
          class="c5 c6 c8"
        />
        <svg
          aria-hidden="true"
          class="c9 MuiSvgIcon-root MuiSvgIcon-fontSizeMedium"
          data-testid="PlayArrowRoundedIcon"
          focusable="false"
          style="font-size: 1.4rem; overflow: hidden;"
          viewBox="0 0 24 24"
        >
          <path
            d="M8 6.82v10.36c0 .79.87 1.27 1.54.84l8.14-5.18c.62-.39.62-1.29 0-1.69L9.54 5.98C8.87 5.55 8 6.03 8 6.82z"
          />
        </svg>
      </div>
      <span
        class="c10 MuiTouchRipple-root"
      />
    </button>
    <button
      aria-label="Ver episodio"
      class="c2 MuiButton-root MuiButton-text MuiButton-textPrimary MuiButton-sizeMedium MuiButton-textSizeMedium MuiButtonBase-root c3 c4"
      data-mui-internal-clone-element="true"
      data-testid="episode-button-watch-button"
      tabindex="0"
      type="button"
    >
      <div
        class="c5 c6 c7"
      >
        <div>
          Episodio 9
        </div>
        <div
          class="c5 c6 c8"
        />
        <svg
          aria-hidden="true"
          class="c9 MuiSvgIcon-root MuiSvgIcon-fontSizeMedium"
          data-testid="PlayArrowRoundedIcon"
          focusable="false"
          style="font-size: 1.4rem; overflow: hidden;"
          viewBox="0 0 24 24"
        >
          <path
            d="M8 6.82v10.36c0 .79.87 1.27 1.54.84l8.14-5.18c.62-.39.62-1.29 0-1.69L9.54 5.98C8.87 5.55 8 6.03 8 6.82z"
          />
        </svg>
      </div>
      <span
        class="c10 MuiTouchRipple-root"
      />
    </button>
    <button
      aria-label="Ver episodio"
      class="c2 MuiButton-root MuiButton-text MuiButton-textPrimary MuiButton-sizeMedium MuiButton-textSizeMedium MuiButtonBase-root c3 c4"
      data-mui-internal-clone-element="true"
      data-testid="episode-button-watch-button"
      tabindex="0"
      type="button"
    >
      <div
        class="c5 c6 c7"
      >
        <div>
          Episodio 8
        </div>
        <div
          class="c5 c6 c8"
        />
        <svg
          aria-hidden="true"
          class="c9 MuiSvgIcon-root MuiSvgIcon-fontSizeMedium"
          data-testid="PlayArrowRoundedIcon"
          focusable="false"
          style="font-size: 1.4rem; overflow: hidden;"
          viewBox="0 0 24 24"
        >
          <path
            d="M8 6.82v10.36c0 .79.87 1.27 1.54.84l8.14-5.18c.62-.39.62-1.29 0-1.69L9.54 5.98C8.87 5.55 8 6.03 8 6.82z"
          />
        </svg>
      </div>
      <span
        class="c10 MuiTouchRipple-root"
      />
    </button>
    <button
      aria-label="Ver episodio"
      class="c2 MuiButton-root MuiButton-text MuiButton-textPrimary MuiButton-sizeMedium MuiButton-textSizeMedium MuiButtonBase-root c3 c4"
      data-mui-internal-clone-element="true"
      data-testid="episode-button-watch-button"
      tabindex="0"
      type="button"
    >
      <div
        class="c5 c6 c7"
      >
        <div>
          Episodio 7
        </div>
        <div
          class="c5 c6 c8"
        />
        <svg
          aria-hidden="true"
          class="c9 MuiSvgIcon-root MuiSvgIcon-fontSizeMedium"
          data-testid="PlayArrowRoundedIcon"
          focusable="false"
          style="font-size: 1.4rem; overflow: hidden;"
          viewBox="0 0 24 24"
        >
          <path
            d="M8 6.82v10.36c0 .79.87 1.27 1.54.84l8.14-5.18c.62-.39.62-1.29 0-1.69L9.54 5.98C8.87 5.55 8 6.03 8 6.82z"
          />
        </svg>
      </div>
      <span
        class="c10 MuiTouchRipple-root"
      />
    </button>
    <button
      aria-label="Ver episodio"
      class="c2 MuiButton-root MuiButton-text MuiButton-textPrimary MuiButton-sizeMedium MuiButton-textSizeMedium MuiButtonBase-root c3 c4"
      data-mui-internal-clone-element="true"
      data-testid="episode-button-watch-button"
      tabindex="0"
      type="button"
    >
      <div
        class="c5 c6 c7"
      >
        <div>
          Episodio 6
        </div>
        <div
          class="c5 c6 c8"
        />
        <svg
          aria-hidden="true"
          class="c9 MuiSvgIcon-root MuiSvgIcon-fontSizeMedium"
          data-testid="PlayArrowRoundedIcon"
          focusable="false"
          style="font-size: 1.4rem; overflow: hidden;"
          viewBox="0 0 24 24"
        >
          <path
            d="M8 6.82v10.36c0 .79.87 1.27 1.54.84l8.14-5.18c.62-.39.62-1.29 0-1.69L9.54 5.98C8.87 5.55 8 6.03 8 6.82z"
          />
        </svg>
      </div>
      <span
        class="c10 MuiTouchRipple-root"
      />
    </button>
    <button
      aria-label="Ver episodio"
      class="c2 MuiButton-root MuiButton-text MuiButton-textPrimary MuiButton-sizeMedium MuiButton-textSizeMedium MuiButtonBase-root c3 c4"
      data-mui-internal-clone-element="true"
      data-testid="episode-button-watch-button"
      tabindex="0"
      type="button"
    >
      <div
        class="c5 c6 c7"
      >
        <div>
          Episodio 5
        </div>
        <div
          class="c5 c6 c8"
        />
        <svg
          aria-hidden="true"
          class="c9 MuiSvgIcon-root MuiSvgIcon-fontSizeMedium"
          data-testid="PlayArrowRoundedIcon"
          focusable="false"
          style="font-size: 1.4rem; overflow: hidden;"
          viewBox="0 0 24 24"
        >
          <path
            d="M8 6.82v10.36c0 .79.87 1.27 1.54.84l8.14-5.18c.62-.39.62-1.29 0-1.69L9.54 5.98C8.87 5.55 8 6.03 8 6.82z"
          />
        </svg>
      </div>
      <span
        class="c10 MuiTouchRipple-root"
      />
    </button>
    <button
      aria-label="Ver episodio"
      class="c2 MuiButton-root MuiButton-text MuiButton-textPrimary MuiButton-sizeMedium MuiButton-textSizeMedium MuiButtonBase-root c3 c4"
      data-mui-internal-clone-element="true"
      data-testid="episode-button-watch-button"
      tabindex="0"
      type="button"
    >
      <div
        class="c5 c6 c7"
      >
        <div>
          Episodio 4
        </div>
        <div
          class="c5 c6 c8"
        />
        <svg
          aria-hidden="true"
          class="c9 MuiSvgIcon-root MuiSvgIcon-fontSizeMedium"
          data-testid="PlayArrowRoundedIcon"
          focusable="false"
          style="font-size: 1.4rem; overflow: hidden;"
          viewBox="0 0 24 24"
        >
          <path
            d="M8 6.82v10.36c0 .79.87 1.27 1.54.84l8.14-5.18c.62-.39.62-1.29 0-1.69L9.54 5.98C8.87 5.55 8 6.03 8 6.82z"
          />
        </svg>
      </div>
      <span
        class="c10 MuiTouchRipple-root"
      />
    </button>
    <button
      aria-label="Ver episodio"
      class="c2 MuiButton-root MuiButton-text MuiButton-textPrimary MuiButton-sizeMedium MuiButton-textSizeMedium MuiButtonBase-root c3 c4"
      data-mui-internal-clone-element="true"
      data-testid="episode-button-watch-button"
      tabindex="0"
      type="button"
    >
      <div
        class="c5 c6 c7"
      >
        <div>
          Episodio 3
        </div>
        <div
          class="c5 c6 c8"
        />
        <svg
          aria-hidden="true"
          class="c9 MuiSvgIcon-root MuiSvgIcon-fontSizeMedium"
          data-testid="PlayArrowRoundedIcon"
          focusable="false"
          style="font-size: 1.4rem; overflow: hidden;"
          viewBox="0 0 24 24"
        >
          <path
            d="M8 6.82v10.36c0 .79.87 1.27 1.54.84l8.14-5.18c.62-.39.62-1.29 0-1.69L9.54 5.98C8.87 5.55 8 6.03 8 6.82z"
          />
        </svg>
      </div>
      <span
        class="c10 MuiTouchRipple-root"
      />
    </button>
    <button
      aria-label="Ver episodio"
      class="c2 MuiButton-root MuiButton-text MuiButton-textPrimary MuiButton-sizeMedium MuiButton-textSizeMedium MuiButtonBase-root c3 c4"
      data-mui-internal-clone-element="true"
      data-testid="episode-button-watch-button"
      tabindex="0"
      type="button"
    >
      <div
        class="c5 c6 c7"
      >
        <div>
          Episodio 2
        </div>
        <div
          class="c5 c6 c8"
        />
        <svg
          aria-hidden="true"
          class="c9 MuiSvgIcon-root MuiSvgIcon-fontSizeMedium"
          data-testid="PlayArrowRoundedIcon"
          focusable="false"
          style="font-size: 1.4rem; overflow: hidden;"
          viewBox="0 0 24 24"
        >
          <path
            d="M8 6.82v10.36c0 .79.87 1.27 1.54.84l8.14-5.18c.62-.39.62-1.29 0-1.69L9.54 5.98C8.87 5.55 8 6.03 8 6.82z"
          />
        </svg>
      </div>
      <span
        class="c10 MuiTouchRipple-root"
      />
    </button>
    <button
      aria-label="Ver episodio"
      class="c2 MuiButton-root MuiButton-text MuiButton-textPrimary MuiButton-sizeMedium MuiButton-textSizeMedium MuiButtonBase-root c3 c4"
      data-mui-internal-clone-element="true"
      data-testid="episode-button-watch-button"
      tabindex="0"
      type="button"
    >
      <div
        class="c5 c6 c7"
      >
        <div>
          Episodio 1
        </div>
        <div
          class="c5 c6 c8"
        />
        <svg
          aria-hidden="true"
          class="c9 MuiSvgIcon-root MuiSvgIcon-fontSizeMedium"
          data-testid="PlayArrowRoundedIcon"
          focusable="false"
          style="font-size: 1.4rem; overflow: hidden;"
          viewBox="0 0 24 24"
        >
          <path
            d="M8 6.82v10.36c0 .79.87 1.27 1.54.84l8.14-5.18c.62-.39.62-1.29 0-1.69L9.54 5.98C8.87 5.55 8 6.03 8 6.82z"
          />
        </svg>
      </div>
      <span
        class="c10 MuiTouchRipple-root"
      />
    </button>
  </div>
</DocumentFragment>
`;
